python : C:\Users\swaroop\.gemini\antigravity\scratch\loan_platform\app\models.py:9: LegacyAPIWarning: The Query.get() 
method is considered legacy as of the 1.x series of SQLAlchemy and becomes a legacy construct in 2.0. The method is 
now available as Session.get() (deprecated since: 2.0) (Background on SQLAlchemy 2.0 at: https://sqlalche.me/e/b8d9)
At line:1 char:1
+ python test_multitenancy.py > test_output.txt 2>&1
+ ~~~~~~~~~~~~~~~~~~~~~~~~~~~~~~~~~~~~~~~~~~~~~~~~~~
    + CategoryInfo          : NotSpecified: (C:\Users\swaroo...lche.me/e/b8d9):String) [], RemoteException
    + FullyQualifiedErrorId : NativeCommandError
 
  return User.query.get(int(user_id))
EEF
======================================================================
ERROR: test_customer_application (__main__.MultiTenancyTestCase)
----------------------------------------------------------------------
Traceback (most recent call last):
  File "C:\Users\swaroop\.gemini\antigravity\scratch\loan_platform\test_multitenancy.py", line 80, in 
test_customer_application
    bank_id=self.bank_b.id,
  File "C:\Users\swaroop\AppData\Roaming\Python\Python310\site-packages\sqlalchemy\orm\attributes.py", line 569, in 
__get__
    return self.impl.get(state, dict_)  # type: ignore[no-any-return]
  File "C:\Users\swaroop\AppData\Roaming\Python\Python310\site-packages\sqlalchemy\orm\attributes.py", line 1096, in 
get
    value = self._fire_loader_callables(state, key, passive)
  File "C:\Users\swaroop\AppData\Roaming\Python\Python310\site-packages\sqlalchemy\orm\attributes.py", line 1126, in 
_fire_loader_callables
    return state._load_expired(state, passive)
  File "C:\Users\swaroop\AppData\Roaming\Python\Python310\site-packages\sqlalchemy\orm\state.py", line 828, in 
_load_expired
    self.manager.expired_attribute_loader(self, toload, passive)
  File "C:\Users\swaroop\AppData\Roaming\Python\Python310\site-packages\sqlalchemy\orm\loading.py", line 1607, in 
load_scalar_attributes
    raise orm_exc.DetachedInstanceError(
sqlalchemy.orm.exc.DetachedInstanceError: Instance <Bank at 0x1cc42443520> is not bound to a Session; attribute 
refresh operation cannot proceed (Background on this error at: https://sqlalche.me/e/20/bhk3)

======================================================================
ERROR: test_dti_rejection (__main__.MultiTenancyTestCase)
----------------------------------------------------------------------
Traceback (most recent call last):
  File "C:\Users\swaroop\.gemini\antigravity\scratch\loan_platform\test_multitenancy.py", line 103, in 
test_dti_rejection
    bank_id=self.bank_a.id,
  File "C:\Users\swaroop\AppData\Roaming\Python\Python310\site-packages\sqlalchemy\orm\attributes.py", line 569, in 
__get__
    return self.impl.get(state, dict_)  # type: ignore[no-any-return]
  File "C:\Users\swaroop\AppData\Roaming\Python\Python310\site-packages\sqlalchemy\orm\attributes.py", line 1096, in 
get
    value = self._fire_loader_callables(state, key, passive)
  File "C:\Users\swaroop\AppData\Roaming\Python\Python310\site-packages\sqlalchemy\orm\attributes.py", line 1126, in 
_fire_loader_callables
    return state._load_expired(state, passive)
  File "C:\Users\swaroop\AppData\Roaming\Python\Python310\site-packages\sqlalchemy\orm\state.py", line 828, in 
_load_expired
    self.manager.expired_attribute_loader(self, toload, passive)
  File "C:\Users\swaroop\AppData\Roaming\Python\Python310\site-packages\sqlalchemy\orm\loading.py", line 1607, in 
load_scalar_attributes
    raise orm_exc.DetachedInstanceError(
sqlalchemy.orm.exc.DetachedInstanceError: Instance <Bank at 0x1cc38eac7c0> is not bound to a Session; attribute 
refresh operation cannot proceed (Background on this error at: https://sqlalche.me/e/20/bhk3)

======================================================================
FAIL: test_officer_isolation (__main__.MultiTenancyTestCase)
----------------------------------------------------------------------
Traceback (most recent call last):
  File "C:\Users\swaroop\.gemini\antigravity\scratch\loan_platform\test_multitenancy.py", line 65, in 
test_officer_isolation
    self.assertIn(b'10000', response.data) # Amount shows up
AssertionError: b'10000' not found in b'<!DOCTYPE html>\n<html lang="en">\n\n<head>\n    <meta charset="UTF-8">\n    
<meta name="viewport" content="width=device-width, initial-scale=1.0">\n    <title>Loan Platform</title>\n    <!-- 
Simple CSS for cleanliness - using a CDN for Bootstrap or similar would be easier, \n         but let\'s stick to 
simple custom CSS or a lightweight classless framework if offline.\n         User asked for "Modern", so I\'ll add a 
CDN for Tailwind or Bootstrap given the "Web App Development" guidelines.\n         Wait, guidelines say "Avoid using 
TailwindCSS unless the USER explicitly requests it".\n         "Styling (CSS): Use Vanilla CSS for maximum flexibility 
and control."\n         "Rich Aesthetics... Vibrant colors, dark modes..."\n    -->\n    <!-- Fonts -->\n    <link 
rel="preconnect" href="https://fonts.googleapis.com">\n    <link rel="preconnect" href="https://fonts.gstatic.com" 
crossorigin>\n    <link href="https://fonts.googleapis.com/css2?family=Outfit:wght@300;400;500;600;700&display=swap" 
rel="stylesheet">\n\n    <!-- Bootstrap 5 CSS -->\n    <link 
href="https://cdn.jsdelivr.net/npm/bootstrap@5.3.0/dist/css/bootstrap.min.css" rel="stylesheet">\n    <!-- Bootstrap 
Icons -->\n    <link rel="stylesheet" 
href="https://cdn.jsdelivr.net/npm/bootstrap-icons@1.11.0/font/bootstrap-icons.css">\n\n    <style>\n        :root {\n 
           /* SpinMaaser Dark Theme Palette */\n            --bg-body: #0f111a;\n            /* Very dark, almost 
black */\n            --surface: #1e2130;\n            /* Slightly lighter for cards */\n            --surface-hover: 
#262a3d;\n\n            --primary: #4361ee;\n            /* Vibrant Blue/Purple */\n            --primary-hover: 
#3a56d4;\n\n            --secondary: #a0aec0;\n\n            --success: #2ec4b6;\n            /* Teal/Green neon */\n  
          --warning: #f72585;\n            /* Pink/Purple neon (using as warning/accent) */\n            --danger: 
#ef233c;\n            --info: #7209b7;\n\n            --text-main: #f8f9fa;\n            --text-muted: #94a3b8;\n\n    
        --border-color: #2d3748;\n\n            --gradient-primary: linear-gradient(135deg, #4361ee 0%, #7209b7 
100%);\n            --gradient-success: linear-gradient(135deg, #2ec4b6 0%, #20a4f3 100%);\n\n            --shadow-sm: 
0 4px 6px rgba(0, 0, 0, 0.3);\n            --shadow-glow: 0 0 15px rgba(67, 97, 238, 0.3);\n        }\n\n        body 
{\n            font-family: \'Outfit\', sans-serif;\n            background-color: var(--bg-body);\n            color: 
var(--text-main);\n            -webkit-font-smoothing: antialiased;\n        }\n\n        /* Navbar */\n        
.navbar {\n            background-color: var(--surface) !important;\n            border-bottom: 1px solid 
var(--border-color);\n            padding: 1rem 0;\n        }\n\n        .navbar-brand {\n            color: #fff 
!important;\n            font-weight: 700;\n            font-size: 1.5rem;\n            display: flex;\n            
align-items: center;\n        }\n\n        .navbar-brand i {\n            color: var(--primary);\n            
margin-right: 0.5rem;\n        }\n\n        .nav-link {\n            color: var(--text-muted) !important;\n            
font-weight: 500;\n            transition: color 0.2s;\n        }\n\n        .nav-link:hover,\n        
.nav-link.active {\n            color: #fff !important;\n        }\n\n        /* Cards */\n        .card {\n           
 background-color: var(--surface);\n            border: 1px solid var(--border-color);\n            border-radius: 
1.25rem;\n            box-shadow: var(--shadow-sm);\n        }\n\n        .card-header {\n            
background-color: transparent;\n            border-bottom: 1px solid var(--border-color);\n            padding: 
1.5rem;\n        }\n\n        .card-title {\n            color: var(--text-main);\n            font-weight: 600;\n     
   }\n\n        /* Text & Headings */\n        h1,\n        h2,\n        h3,\n        h4,\n        h5,\n        h6 {\n 
           color: var(--text-main);\n        }\n\n        .text-muted {\n            color: var(--text-muted) 
!important;\n        }\n\n        /* Buttons */\n        .btn-primary {\n            background: 
var(--gradient-primary);\n            border: none;\n            color: white;\n            padding: 0.6rem 1.5rem;\n  
          border-radius: 9999px;\n            /* Pill shape */\n            font-weight: 600;\n            box-shadow: 
var(--shadow-glow);\n        }\n\n        .btn-primary:hover {\n            opacity: 0.9;\n            box-shadow: 0 0 
20px rgba(67, 97, 238, 0.5);\n        }\n\n        .btn-outline-primary {\n            border: 2px solid 
var(--primary);\n            color: var(--primary);\n            background: transparent;\n            border-radius: 
9999px;\n            font-weight: 600;\n        }\n\n        .btn-outline-primary:hover {\n            background: 
var(--primary);\n            color: white;\n            border-color: var(--primary);\n        }\n\n        /* Forms 
*/\n        .form-control,\n        .form-select {\n            background-color: var(--bg-body);\n            border: 
1px solid var(--border-color);\n            color: var(--text-main);\n            border-radius: 0.75rem;\n            
padding: 0.75rem 1rem;\n        }\n\n        .form-control:focus,\n        .form-select:focus {\n            
background-color: var(--bg-body);\n            border-color: var(--primary);\n            color: var(--text-main);\n   
         box-shadow: 0 0 0 0.25rem rgba(67, 97, 238, 0.25);\n        }\n\n        .form-control::placeholder {\n       
     color: #64748b;\n        }\n\n        /* Tables */\n        .table {\n            --bs-table-bg: transparent;\n   
         --bs-table-color: var(--text-main);\n            --bs-table-border-color: var(--border-color);\n        }\n\n 
       .table th {\n            color: var(--text-muted);\n            font-weight: 500;\n            text-transform: 
uppercase;\n            font-size: 0.8rem;\n            letter-spacing: 0.05em;\n        }\n\n        .table td {\n    
        vertical-align: middle;\n        }\n\n        /* Utilities */\n        .bg-surface-dark {\n            
background-color: var(--surface) !important;\n        }\n\n        .text-neon-purple {\n            color: #b5179e;\n  
      }\n\n        .text-neon-green {\n            color: #2ec4b6;\n        }\n\n        .badge {\n            
padding: 0.5em 1em;\n            border-radius: 9999px;\n            font-weight: 600;\n        }\n\n        /* 
Scrollbar */\n        ::-webkit-scrollbar {\n            width: 8px;\n        }\n\n        ::-webkit-scrollbar-track 
{\n            background: var(--bg-body);\n        }\n\n        ::-webkit-scrollbar-thumb {\n            background: 
var(--surface-hover);\n            border-radius: 4px;\n        }\n\n        ::-webkit-scrollbar-thumb:hover {\n       
     background: var(--border-color);\n        }\n    </style>\n</head>\n\n<body>\n    <nav>\n        <a href="/" 
class="brand">LoanPlatform</a>\n        <div>\n            \n            <span>Hello, Officer A</span>\n            \n 
           <a href="/officer/dashboard">Queue</a>\n            \n            <a href="/logout">Logout</a>\n            
\n        </div>\n    </nav>\n\n    <div class="container">\n        \n        \n        \n\n        \n<div 
class="d-flex justify-content-between align-items-center mb-5">\n    <div>\n        <h1 class="h3 mb-0 fw-bold">Loan 
Officer Queue</h1>\n        <p class="text-muted mb-0">Review and manage incoming loan applications.</p>\n    </div>\n 
   <!-- Stats Chart Toggle or Mini View -->\n</div>\n\n<!-- Analytics Row -->\n<div class="row mb-5">\n    <div 
class="col-md-12">\n        <div class="card bg-surface-dark border-0 shadow-lg" style="border-left: 5px solid 
var(--primary);">\n            <div class="card-body">\n                <div class="d-flex justify-content-between 
align-items-center mb-3">\n                    <h5 class="card-title mb-0">Risk Distribution</h5>\n                    
<i class="bi bi-graph-up-arrow text-primary"></i>\n                </div>\n                <div style="height: 
200px;">\n                    <canvas id="riskChart"></canvas>\n                </div>\n            </div>\n        
</div>\n    </div>\n</div>\n\n<!-- Filter Section -->\n<div class="card bg-surface-dark border-0 shadow-sm mb-4">\n    
<div class="card-body">\n        <form method="GET" action="/officer/dashboard" class="row g-3 align-items-end">\n     
       <div class="col-md-4">\n                <label class="form-label text-muted small text-uppercase 
fw-bold">Status Filter</label>\n                <select name="status" class="form-select border-0 bg-body 
text-light">\n                    <option value="">All Statuses</option>\n                    <option value="Pending" 
>Pending\n                    </option>\n                    <option value="Approved" >Approved\n                    
</option>\n                    <option value="Rejected" >Rejected\n                    </option>\n                    
<option value="InfoRequired" >\n                        Info Required</option>\n                </select>\n            
</div>\n            <div class="col-md-2">\n                <button type="submit" class="btn btn-primary 
w-100">Filter</button>\n            </div>\n            <div class="col-md-2">\n                <a 
href="/officer/dashboard"\n                    class="btn btn-outline-secondary text-light border-secondary 
w-100">Clear</a>\n            </div>\n        </form>\n    </div>\n</div>\n\n<form method="POST" 
action="/officer/bulk_action">\n    <!-- Bulk Actions Toolbar -->\n    <div class="mb-3 d-flex gap-2">\n        
<button type="submit" name="bulk_action" value="approve" class="btn btn-sm btn-success text-white shadow-glow"\n       
     onclick="return confirm(\'Approve selected?\')"><i class="bi bi-check-lg me-1"></i> Approve Selected</button>\n   
     <button type="submit" name="bulk_action" value="reject" class="btn btn-sm btn-danger text-white shadow-glow"\n    
        onclick="return confirm(\'Reject selected?\')"><i class="bi bi-x-lg me-1"></i> Reject Selected</button>\n    
</div>\n\n    <div class="card bg-surface-dark border-0 shadow-lg overflow-hidden">\n        <div 
class="table-responsive">\n            <table class="table table-hover align-middle mb-0">\n                <thead 
style="background-color: rgba(0,0,0,0.2);">\n                    <tr>\n                        <th style="width: 
40px;" class="ps-4"><input type="checkbox" id="selectAll"\n                                class="form-check-input 
bg-dark border-secondary"></th>\n                        <th>App ID</th>\n                        <th>Applicant</th>\n 
                       <th>Requested</th>\n                        <th>Risk Score</th>\n                        
<th>Status</th>\n                        <th>Date</th>\n                        <th class="text-end 
pe-4">Actions</th>\n                    </tr>\n                </thead>\n                <tbody>\n                    
\n                    \n                    <tr style="background-color: rgba(255, 193, 7, 0.05);"> <!-- Slight tint 
for pending -->\n                        <td class="ps-4"><input type="checkbox" name="app_ids" value="1"\n            
                    class="form-check-input bg-dark border-secondary"></td>\n                        <td><span 
class="badge bg-dark text-muted border border-secondary">#1</span></td>\n                        <td class="fw-medium 
text-light">User #3</td>\n                        <td class="text-light fw-bold">$10,000.00</td>\n                     
   <td>\n                            \n                            <span class="text-muted">-</span>\n                 
           \n                        </td>\n                        <td><span class="badge bg-warning text-dark 
rounded-pill">Pending</span></td>\n                        <td class="text-muted">2025-12-11</td>\n                    
    <td class="text-end pe-4">\n                            <a href="/officer/application/1"\n                         
       class="btn btn-sm btn-primary">Review</a>\n                        </td>\n                    </tr>\n           
         \n                    \n\n                    \n\n                    \n                </tbody>\n            
</table>\n        </div>\n    </div>\n</form>\n\n<script 
src="https://cdn.jsdelivr.net/npm/chart.js"></script>\n<script>\n    // Select All Checkbox\n    
document.getElementById(\'selectAll\').addEventListener(\'change\', function () {\n        const checkboxes = 
document.querySelectorAll(\'input[name="app_ids"]:not(:disabled)\');\n        checkboxes.forEach(cb => cb.checked = 
this.checked);\n    });\n\n    // Risk Chart\n    const ctx = 
document.getElementById(\'riskChart\').getContext(\'2d\');\n\n    // Parse Jinja integers safely\n    const lowRisk = 
0;\n    const medRisk = 0;\n    const highRisk = 0;\n\n    const riskChart = new Chart(ctx, {\n        type: 
\'bar\',\n        data: {\n            labels: [\'Low Risk\', \'Medium Risk\', \'High Risk\'],\n            datasets: 
[{\n                label: \'# of Applications\',\n                data: [lowRisk, medRisk, highRisk],\n               
 backgroundColor: [\n                    \'#2ec4b6\', // Green/Teal\n                    \'#f72585\', // 
Pink/Warning\n                    \'#ef233c\'  // Red\n                ],\n                borderRadius: 5,\n          
      borderSkipped: false\n            }]\n        },\n        options: {\n            maintainAspectRatio: false,\n  
          plugins: {\n                legend: { display: false },\n                tooltip: {\n                    
mode: \'index\',\n                    intersect: false,\n                }\n            },\n            scales: {\n    
            y: {\n                    beginAtZero: true,\n                    ticks: {\n                        
stepSize: 1,\n                        color: \'#94a3b8\'\n                    },\n                    grid: {\n        
                color: \'#2d3748\'\n                    }\n                },\n                x: {\n                  
  ticks: { color: \'#94a3b8\' },\n                    grid: { display: false }\n                }\n            }\n     
   }\n    });\n</script>\n\n    </div>\n</body>\n\n</html>'

----------------------------------------------------------------------
Ran 3 tests in 18.012s

FAILED (failures=1, errors=2)
